<?xml version="1.0" encoding="UTF-8"?>
<ns1:project xmlns:ns1="http://maven.apache.org/POM/4.0.0">
    <ns1:inceptionYear></ns1:inceptionYear>
    <ns1:version></ns1:version>
    <ns1:reports/>
    <ns1:licenses>
        <ns1:license>
            <ns1:comments></ns1:comments>
        </ns1:license>
        <ns1:license>
            <ns1:name></ns1:name>
            <ns1:url></ns1:url>
        </ns1:license>
        <ns1:license>
            <ns1:comments></ns1:comments>
        </ns1:license>
        <ns1:license>
            <ns1:comments></ns1:comments>
        </ns1:license>
        <ns1:license>
            <ns1:name></ns1:name>
        </ns1:license>
        <ns1:license>
            <ns1:name></ns1:name>
        </ns1:license>
        <ns1:license>
            <ns1:distribution></ns1:distribution>
            <ns1:url></ns1:url>
        </ns1:license>
        <ns1:license>
            <ns1:distribution></ns1:distribution>
            <ns1:name></ns1:name>
        </ns1:license>
        <ns1:license>
            <ns1:url></ns1:url>
        </ns1:license>
        <ns1:license/>
    </ns1:licenses>
</ns1:project>
